23:03:33 **** Build of configuration Debug for project 04-fault_exception ****
make -j16 all 
arm-none-eabi-gcc "../Src/main.c" -mcpu=cortex-m4 -std=gnu11 -g3 -DDEBUG -DSTM32 -DSTM32F4 -DSTM32F446RETx -DNUCLEO_F446RE -c -I../Inc -O0 -ffunction-sections -fdata-sections -Wall -fstack-usage -fcyclomatic-complexity -MMD -MP -MF"Src/main.d" -MT"Src/main.o" --specs=nano.specs -mfpu=fpv4-sp-d16 -mfloat-abi=hard -mthumb -o "Src/main.o"
arm-none-eabi-gcc -o "04-fault_exception.elf" @"objects.list"   -mcpu=cortex-m4 -T"D:\Argyan Technology\STM32_Embedded_Course\ARM_Programming_Course\Task_Project\04-fault_exception\STM32F446RETX_FLASH.ld" --specs=nosys.specs -Wl,-Map="04-fault_exception.map" -Wl,--gc-sections -static --specs=nano.specs -mfpu=fpv4-sp-d16 -mfloat-abi=hard -mthumb -Wl,--start-group -lc -lm -Wl,--end-group
Finished building target: 04-fault_exception.elf
 
arm-none-eabi-size  04-fault_exception.elf 
arm-none-eabi-objdump -h -S 04-fault_exception.elf  > "04-fault_exception.list"
   text	   data	    bss	    dec	    hex	filename
   5416	     92	   1900	   7408	   1cf0	04-fault_exception.elf
Finished building: default.size.stdout
 
Finished building: 04-fault_exception.list
 

23:03:34 Build Finished. 0 errors, 0 warnings. (took 1s.55ms)

