15:43:07 **** Incremental Build of configuration Debug for project 04-otg_HS_IRQ ****
make -j8 all 
arm-none-eabi-gcc "../Src/main.c" -mcpu=cortex-m4 -std=gnu11 -g3 -DDEBUG -DSTM32 -DSTM32F4 -DSTM32F446RETx -DNUCLEO_F446RE -c -I../Inc -O0 -ffunction-sections -fdata-sections -Wall -fstack-usage -fcyclomatic-complexity -MMD -MP -MF"Src/main.d" -MT"Src/main.o" --specs=nano.specs -mfpu=fpv4-sp-d16 -mfloat-abi=hard -mthumb -o "Src/main.o"
arm-none-eabi-gcc -o "04-otg_HS_IRQ.elf" @"objects.list"   -mcpu=cortex-m4 -T"D:\STM32 Codes\Workspace_2\Task_Project\04-otg_sh_IRQ\STM32F446RETX_FLASH.ld" --specs=nosys.specs -Wl,-Map="04-otg_HS_IRQ.map" -Wl,--gc-sections -static --specs=nano.specs -mfpu=fpv4-sp-d16 -mfloat-abi=hard -mthumb -Wl,--start-group -lc -lm -Wl,--end-group
Finished building target: 04-otg_HS_IRQ.elf
 
arm-none-eabi-size  04-otg_HS_IRQ.elf 
arm-none-eabi-objdump -h -S 04-otg_HS_IRQ.elf  > "04-otg_HS_IRQ.list"
   text	   data	    bss	    dec	    hex	filename
   3428	     92	   1900	   5420	   152c	04-otg_HS_IRQ.elf
Finished building: default.size.stdout
 
Finished building: 04-otg_HS_IRQ.list
 

15:43:09 Build Finished. 0 errors, 0 warnings. (took 1s.473ms)

