08:51:42 **** Incremental Build of configuration Debug for project 11-task_schedular ****
make -j16 all 
arm-none-eabi-gcc "../Src/main.c" -mcpu=cortex-m4 -std=gnu11 -g3 -DDEBUG -DSTM32 -DSTM32F4 -DSTM32F446RETx -DNUCLEO_F446RE -c -I../Inc -O0 -ffunction-sections -fdata-sections -Wall -fstack-usage -fcyclomatic-complexity -MMD -MP -MF"Src/main.d" -MT"Src/main.o" --specs=nano.specs -mfpu=fpv4-sp-d16 -mfloat-abi=hard -mthumb -o "Src/main.o"
arm-none-eabi-gcc -o "11-task_schedular.elf" @"objects.list"   -mcpu=cortex-m4 -T"D:\Argyan Technology\STM32_Embedded_Course\ARM_Programming_Course\Task_Project\11-task_schedular\STM32F446RETX_FLASH.ld" --specs=nosys.specs -Wl,-Map="11-task_schedular.map" -Wl,--gc-sections -static --specs=nano.specs -mfpu=fpv4-sp-d16 -mfloat-abi=hard -mthumb -Wl,--start-group -lc -lm -Wl,--end-group
Finished building target: 11-task_schedular.elf
 
arm-none-eabi-size  11-task_schedular.elf 
arm-none-eabi-objdump -h -S 11-task_schedular.elf  > "11-task_schedular.list"
   text	   data	    bss	    dec	    hex	filename
   2060	      4	   1652	   3716	    e84	11-task_schedular.elf
Finished building: default.size.stdout
 
Finished building: 11-task_schedular.list
 

08:51:45 Build Finished. 0 errors, 0 warnings. (took 3s.164ms)

