21:36:41 **** Incremental Build of configuration Debug for project 04-fault_exception ****
make -j16 all 
arm-none-eabi-size  04-fault_exception.elf 
   text	   data	    bss	    dec	    hex	filename
   3596	     92	   1900	   5588	   15d4	04-fault_exception.elf
Finished building: default.size.stdout
 
21:36:45 **** Incremental Build of configuration Debug for project 04-fault_exception ****
make -j16 all 
arm-none-eabi-size  04-fault_exception.elf 
   text	   data	    bss	    dec	    hex	filename
   3596	     92	   1900	   5588	   15d4	04-fault_exception.elf
Finished building: default.size.stdout
 
