../Src/main.c:44:5:main	1
../Src/main.c:59:6:update_global_tick_count	1
../Src/main.c:63:6:unblock_tasks	4
../Src/main.c:74:6:SysTick_Handler	1
../Src/main.c:82:29:PendSV_Handler	1
../Src/main.c:96:6:update_next_task	3
../Src/main.c:108:6:init_tasks_stack	3
../Src/main.c:137:29:switch_sp_to_psp	1
../Src/main.c:147:6:init_systick	1
../Src/main.c:154:6:ideal_task	1
../Src/main.c:162:6:task1_handler	1
../Src/main.c:172:6:task2_handler	1
../Src/main.c:182:6:task3_handler	1
../Src/main.c:192:6:task4_handler	1
../Src/main.c:203:6:task_delay	2
../Src/main.c:216:6:schedule	1
../Src/main.c:221:10:get_psp_value	1
../Src/main.c:225:6:save_psp_value	1
