../Src/main.c:44:5:main	1
../Src/main.c:59:6:update_global_tick_count	1
../Src/main.c:63:6:unblock_tasks	4
../Src/main.c:74:6:SysTick_Handler	1
../Src/main.c:82:29:PendSV_Handler	1
../Src/main.c:97:6:update_next_task	3
../Src/main.c:109:6:init_tasks_stack	3
../Src/main.c:138:29:switch_sp_to_psp	1
../Src/main.c:150:6:init_systick	1
../Src/main.c:157:6:ideal_task	1
../Src/main.c:165:6:task1_handler	1
../Src/main.c:175:6:task2_handler	1
../Src/main.c:185:6:task3_handler	1
../Src/main.c:195:6:task4_handler	1
../Src/main.c:206:6:task_delay	2
../Src/main.c:219:6:schedule	1
../Src/main.c:224:10:get_psp_value	1
../Src/main.c:228:6:save_psp_value	1
