../Src/main.c:50:5:main	8	static,ignoring_inline_asm
../Src/main.c:70:6:update_global_tick_count	4	static
../Src/main.c:75:6:unblock_tasks	16	static
../Src/main.c:87:6:SysTick_Handler	8	static
../Src/main.c:96:29:PendSV_Handler	0	static,ignoring_inline_asm
../Src/main.c:116:6:update_next_task	16	static
../Src/main.c:132:6:init_tasks_stack	104	static
../Src/main.c:161:29:switch_sp_to_psp	0	static,ignoring_inline_asm
../Src/main.c:174:6:init_systick	24	static
../Src/main.c:183:6:ideal_task	4	static,ignoring_inline_asm
../Src/main.c:191:6:task1_handler	8	static
../Src/main.c:201:6:task2_handler	8	static
../Src/main.c:211:6:task3_handler	8	static
../Src/main.c:221:6:task4_handler	8	static
../Src/main.c:233:6:task_delay	16	static,ignoring_inline_asm
../Src/main.c:249:6:schedule	4	static
../Src/main.c:256:10:get_psp_value	4	static
../Src/main.c:261:6:save_psp_value	16	static
