22:10:24 **** Build of configuration Debug for project 04-uart_int_pend ****
make -j8 all 
arm-none-eabi-gcc -mcpu=cortex-m4 -g3 -DDEBUG -c -x assembler-with-cpp -MMD -MP -MF"Startup/startup_stm32f446retx.d" -MT"Startup/startup_stm32f446retx.o" --specs=nano.specs -mfpu=fpv4-sp-d16 -mfloat-abi=hard -mthumb -o "Startup/startup_stm32f446retx.o" "../Startup/startup_stm32f446retx.s"
arm-none-eabi-gcc "../Src/main.c" -mcpu=cortex-m4 -std=gnu11 -g3 -DDEBUG -DSTM32 -DSTM32F4 -DSTM32F446RETx -DNUCLEO_F446RE -c -I../Inc -O0 -ffunction-sections -fdata-sections -Wall -fstack-usage -fcyclomatic-complexity -MMD -MP -MF"Src/main.d" -MT"Src/main.o" --specs=nano.specs -mfpu=fpv4-sp-d16 -mfloat-abi=hard -mthumb -o "Src/main.o"
arm-none-eabi-gcc "../Src/syscalls.c" -mcpu=cortex-m4 -std=gnu11 -g3 -DDEBUG -DSTM32 -DSTM32F4 -DSTM32F446RETx -DNUCLEO_F446RE -c -I../Inc -O0 -ffunction-sections -fdata-sections -Wall -fstack-usage -fcyclomatic-complexity -MMD -MP -MF"Src/syscalls.d" -MT"Src/syscalls.o" --specs=nano.specs -mfpu=fpv4-sp-d16 -mfloat-abi=hard -mthumb -o "Src/syscalls.o"
arm-none-eabi-gcc "../Src/sysmem.c" -mcpu=cortex-m4 -std=gnu11 -g3 -DDEBUG -DSTM32 -DSTM32F4 -DSTM32F446RETx -DNUCLEO_F446RE -c -I../Inc -O0 -ffunction-sections -fdata-sections -Wall -fstack-usage -fcyclomatic-complexity -MMD -MP -MF"Src/sysmem.d" -MT"Src/sysmem.o" --specs=nano.specs -mfpu=fpv4-sp-d16 -mfloat-abi=hard -mthumb -o "Src/sysmem.o"
arm-none-eabi-gcc -o "04-uart_int_pend.elf" @"objects.list"   -mcpu=cortex-m4 -T"D:\STM32 Codes\Workspace_2\Class_Project\04-uart_int_pend\STM32F446RETX_FLASH.ld" --specs=nosys.specs -Wl,-Map="04-uart_int_pend.map" -Wl,--gc-sections -static --specs=nano.specs -mfpu=fpv4-sp-d16 -mfloat-abi=hard -mthumb -Wl,--start-group -lc -lm -Wl,--end-group
Finished building target: 04-uart_int_pend.elf
 
arm-none-eabi-size  04-uart_int_pend.elf 
arm-none-eabi-objdump -h -S 04-uart_int_pend.elf  > "04-uart_int_pend.list"
   text	   data	    bss	    dec	    hex	filename
   3436	     92	   1900	   5428	   1534	04-uart_int_pend.elf
Finished building: default.size.stdout
 
Finished building: 04-uart_int_pend.list
 
22:11:23 **** Incremental Build of configuration Debug for project 04-uart_int_pend ****
make -j8 all 
arm-none-eabi-size  04-uart_int_pend.elf 
   text	   data	    bss	    dec	    hex	filename
   3436	     92	   1900	   5428	   1534	04-uart_int_pend.elf
Finished building: default.size.stdout
 
22:15:16 **** Incremental Build of configuration Debug for project 04-uart_int_pend ****
make -j8 all 
arm-none-eabi-size  04-uart_int_pend.elf 
   text	   data	    bss	    dec	    hex	filename
   3436	     92	   1900	   5428	   1534	04-uart_int_pend.elf
Finished building: default.size.stdout
 
