../Src/syscalls.c:53:6:ITM_SendChar	16	static
../Src/syscalls.c:74:5:__io_putchar	16	static
../Src/syscalls.c:81:5:__io_getchar	4	static
../Src/syscalls.c:94:6:initialise_monitor_handles	4	static
../Src/syscalls.c:97:5:_getpid	4	static
../Src/syscalls.c:99:5:_kill	16	static
../Src/syscalls.c:107:6:_exit	16	static
../Src/syscalls.c:114:27:_write	32	static
../Src/syscalls.c:124:27:_read	32	static
../Src/syscalls.c:141:5:_close	16	static
../Src/syscalls.c:143:5:_fstat	16	static
../Src/syscalls.c:150:5:_isatty	16	static
../Src/syscalls.c:152:5:_lseek	24	static
../Src/syscalls.c:160:5:_open	12	static
../Src/syscalls.c:167:5:_wait	16	static
../Src/syscalls.c:174:5:_unlink	16	static
../Src/syscalls.c:181:5:_times	16	static
../Src/syscalls.c:187:5:_stat	16	static
../Src/syscalls.c:194:5:_link	16	static
../Src/syscalls.c:202:5:_fork	8	static
../Src/syscalls.c:208:5:_execve	24	static
